ADOPTER HEAD ca87cdb0fca215787b37bc9b981415427511c4e5
ADOPTER BASE add296d3875fb5555b583fdb5fce9ca4696b424c
TRACKED
M	examples/README.md
M	examples/skills/capture-intent/SKILL.md
M	examples/skills/design-spec/SKILL.md
A	examples/skills/design-spec/examples/bug/context.md
A	examples/skills/design-spec/examples/bug/intent.md
A	examples/skills/design-spec/examples/bug/spec.md
A	examples/skills/design-spec/examples/feature/context.md
A	examples/skills/design-spec/examples/feature/intent.md
A	examples/skills/design-spec/examples/feature/spec.md
A	examples/skills/design-spec/examples/migration/context.md
A	examples/skills/design-spec/examples/migration/intent.md
A	examples/skills/design-spec/examples/migration/spec.md
A	examples/skills/design-spec/references/design-depth.md
M	templates/intent.md
M	templates/spec.md
UNTRACKED
ORIGINAL BRANCH add296d3875fb5555b583fdb5fce9ca4696b424c
ORIGINAL REMOTE add296d3875fb5555b583fdb5fce9ca4696b424c
