PR1 STATE @91ccf7f
R-101	open	hana	회의실 키 확인
R-103	done	hana	회의록 정리
pr1_list_rc=0
pr1_summary_rc=2
usage: tracker.py [-h] [--data DATA] {list,show,complete} ...
tracker.py: error: argument command: invalid choice: 'summary' (choose from 'list', 'show', 'complete')
INTEGRATED MAIN @f20a165
R-101	open	hana	회의실 키 확인
R-103	done	hana	회의록 정리
final_list_rc=0
open	1
done	1
final_summary_hana_rc=0
open	3
done	1
final_summary_all_rc=0
open	0
done	0
final_summary_nobody_rc=0
read_only_hashes=c038196ad9f748e482a446e4025e4c6c0746b23942c39f5f457ad37dd9a53795,c038196ad9f748e482a446e4025e4c6c0746b23942c39f5f457ad37dd9a53795,c038196ad9f748e482a446e4025e4c6c0746b23942c39f5f457ad37dd9a53795
R-101	done	hana	회의실 키 확인
complete_rc=0
open	0
done	2
after_complete_summary_rc=0
post_complete_hashes=c132a0be6e4780d51cd4276776d2ba4afbadb9d0255d4c505a055e1fe7473015,c132a0be6e4780d51cd4276776d2ba4afbadb9d0255d4c505a055e1fe7473015
