MAKER STATUS
 M README.md
 M docs/research/sdlc-documentation/README.md
 M docs/research/sdlc-documentation/plan-design/alternative-feature.md
 M docs/verification/north-star-playbook.html
?? docs/research/sdlc-documentation/plan-design/README.md
?? docs/research/sdlc-documentation/plan-design/delivery.md
?? docs/research/sdlc-documentation/plan-design/probe/
?? docs/research/sdlc-documentation/plan-design/review-r2-request.md
?? docs/research/sdlc-documentation/plan-design/review-r3-request.md
?? docs/research/sdlc-documentation/plan-design/review-record.md
?? docs/research/sdlc-documentation/plan-design/review-request.md
?? docs/research/sdlc-documentation/plan-design/reviews/
PRODUCT STATUS
LOG INVENTORY
total 272
-rw-r--r--@  1 jake  wheel    25K Sep 11 13:52 01-r3-snapshot.log
-rw-r--r--@  1 jake  wheel   5.6K Sep 11 13:52 02-product-snapshot.log
-rw-r--r--@  1 jake  wheel   4.1K Sep 11 13:53 03-product-history.log
-rw-r--r--@  1 jake  wheel    23K Sep 11 13:53 04-product-ancestry-and-recovery.log
-rw-r--r--@  1 jake  wheel   1.5K Sep 11 13:54 05-integrated-16-tests.log
-rw-r--r--@  1 jake  wheel   776B Sep 11 13:54 06-pr1-state-tests.log
-rw-r--r--@  1 jake  wheel   3.3K Sep 11 13:54 07-root-oracles.log
-rw-r--r--@  1 jake  wheel   968B Sep 11 13:54 08-neighbor-behavior.log
-rw-r--r--@  1 jake  wheel   3.2K Sep 11 13:54 09-slices-and-unchanged-inputs.log
-rw-r--r--@  1 jake  wheel   237B Sep 11 13:55 10-r3-hash.log
-rw-r--r--@  1 jake  wheel   2.2K Sep 11 13:55 11-final-r3-make-check.log
-rw-r--r--@  1 jake  wheel   109B Sep 11 13:55 12-final-r3-make-evals.log
-rw-r--r--@  1 jake  wheel    10K Sep 11 13:56 13-final-scope-validator-yaml.log
-rw-r--r--@  1 jake  wheel   110B Sep 11 13:56 14-local-links.log
-rw-r--r--@  1 jake  wheel   144B Sep 11 13:56 15-hook-bad-input.log
-rw-r--r--@  1 jake  wheel   717B Sep 11 13:56 16-final-status-and-log-inventory.log
-rw-r--r--@  1 jake  wheel   514B Sep 11 13:54 final-requests.json
-rw-r--r--@  1 jake  wheel   394B Sep 11 13:54 pr1-requests.json
drwx------@ 18 jake  wheel   576B Sep 11 13:53 pr1-state.LyWjOL
-rw-r--r--@  1 jake  wheel   166B Sep 11 13:54 pr1-summary.stderr
-rw-r--r--@  1 jake  wheel     0B Sep 11 13:54 pr1-summary.stdout
